../Core/Src/main.c:112:6:Update_Disk_Status	32	static
../Core/Src/main.c:124:6:ProcessSGPIOData	32	static
../Core/Src/main.c:139:6:sendI2c	32	static
../Core/Src/main.c:148:6:redriver_init_1	16	static
../Core/Src/main.c:180:6:redriver_init_2	16	static
../Core/Src/main.c:209:6:redriver_init_3	16	static
../Core/Src/main.c:238:6:redriver_init_other1	16	static
../Core/Src/main.c:267:6:redriver_init_other2	16	static
../Core/Src/main.c:296:6:redriver_init_other3	16	static
../Core/Src/main.c:324:6:Redriver_Init	16	static
../Core/Src/main.c:356:5:main	8	static
../Core/Src/main.c:413:6:SystemClock_Config	88	static
../Core/Src/main.c:462:13:MX_I2C1_Init	8	static
../Core/Src/main.c:510:13:MX_I2C2_Init	8	static
../Core/Src/main.c:558:13:MX_TIM2_Init	40	static
../Core/Src/main.c:603:13:MX_TIM3_Init	40	static
../Core/Src/main.c:646:13:MX_DMA_Init	16	static
../Core/Src/main.c:667:13:MX_GPIO_Init	56	static
../Core/Src/main.c:739:6:HAL_GPIO_EXTI_Falling_Callback	32	static
../Core/Src/main.c:963:6:Error_Handler	8	static,ignoring_inline_asm
