../Core/Src/main.c:121:6:Update_Disk_Status	32	static
../Core/Src/main.c:133:6:ProcessSGPIOData	32	static
../Core/Src/main.c:162:6:sendI2c	32	static
../Core/Src/main.c:159:6:configred	16	static
../Core/Src/main.c:169:6:A4_setting	40	static
../Core/Src/main.c:176:6:B4_setting	40	static
../Core/Src/main.c:183:6:C4_setting	40	static
../Core/Src/main.c:190:6:D4_setting	40	static
../Core/Src/main.c:197:6:E4_setting	40	static
../Core/Src/main.c:204:6:F4_setting	40	static
../Core/Src/main.c:211:6:A3_setting	40	static
../Core/Src/main.c:218:6:B3_setting	40	static
../Core/Src/main.c:225:6:C3_setting	40	static
../Core/Src/main.c:232:6:D3_setting	40	static
../Core/Src/main.c:239:6:E3_setting	40	static
../Core/Src/main.c:246:6:F3_setting	40	static
../Core/Src/main.c:253:6:F2_setting	40	static
../Core/Src/main.c:260:6:E2_setting	40	static
../Core/Src/main.c:267:6:D2_setting	40	static
../Core/Src/main.c:274:6:C2_setting	40	static
../Core/Src/main.c:281:6:B2_setting	40	static
../Core/Src/main.c:288:6:A2_setting	40	static
../Core/Src/main.c:295:6:F1_setting	40	static
../Core/Src/main.c:302:6:E1_setting	40	static
../Core/Src/main.c:309:6:D1_setting	40	static
../Core/Src/main.c:316:6:C1_setting	40	static
../Core/Src/main.c:323:6:B1_setting	40	static
../Core/Src/main.c:330:6:A1_setting	40	static
../Core/Src/main.c:337:6:redriver_init_1	24	static
../Core/Src/main.c:359:6:redriver_init_2	24	static
../Core/Src/main.c:380:6:redriver_init_3	24	static
../Core/Src/main.c:401:6:redriver_init_other1	24	static
../Core/Src/main.c:422:6:redriver_init_other2	24	static
../Core/Src/main.c:443:6:redriver_init_other3	24	static
../Core/Src/main.c:463:6:Redriver_Init	24	static
../Core/Src/main.c:499:5:main	8	static
../Core/Src/main.c:564:6:SystemClock_Config	88	static
../Core/Src/main.c:612:13:MX_NVIC_Init	8	static
../Core/Src/main.c:630:13:MX_I2C1_Init	8	static
../Core/Src/main.c:678:13:MX_I2C2_Init	8	static
../Core/Src/main.c:726:13:MX_TIM2_Init	40	static
../Core/Src/main.c:771:13:MX_TIM3_Init	40	static
../Core/Src/main.c:814:13:MX_DMA_Init	16	static
../Core/Src/main.c:835:13:MX_GPIO_Init	56	static
../Core/Src/main.c:897:6:HAL_GPIO_EXTI_Falling_Callback	32	static
../Core/Src/main.c:1122:6:Error_Handler	8	static,ignoring_inline_asm
